// Jest Snapshot v1, https://goo.gl/fbAQLP

exports[`Board should render Board 1`] = `
<div
  className="board"
>
  <div
    className="board__row"
  >
    <SquareComponent
      onClick={[Function]}
    />
    <SquareComponent
      onClick={[Function]}
    />
    <SquareComponent
      onClick={[Function]}
    />
  </div>
  <div
    className="board__row"
  >
    <SquareComponent
      onClick={[Function]}
    />
    <SquareComponent
      onClick={[Function]}
    />
    <SquareComponent
      onClick={[Function]}
    />
  </div>
  <div
    className="board__row"
  >
    <SquareComponent
      onClick={[Function]}
    />
    <SquareComponent
      onClick={[Function]}
    />
    <SquareComponent
      onClick={[Function]}
    />
  </div>
</div>
`;
